

================================================================
== Vitis HLS Report for 'dense_24x5_linear_int'
================================================================
* Date:           Thu Jul  2 16:39:31 2026

* Version:        2025.2 (Build 6295257 on Nov 12 2025)
* Project:        ecg_fpga_top
* Solution:       hls (Vivado IP Flow Target)
* Product family: zynq
* Target device:  xc7z020-clg400-1


================================================================
== Performance Estimates
================================================================
+ Timing: 
    * Summary: 
    +--------+----------+----------+------------+
    |  Clock |  Target  | Estimated| Uncertainty|
    +--------+----------+----------+------------+
    |ap_clk  |  10.00 ns|  7.108 ns|     2.70 ns|
    +--------+----------+----------+------------+

+ Latency: 
    * Summary: 
    +---------+---------+----------+----------+-----+-----+-------------------+
    |  Latency (cycles) |  Latency (absolute) |  Interval |      Pipeline     |
    |   min   |   max   |    min   |    max   | min | max |        Type       |
    +---------+---------+----------+----------+-----+-----+-------------------+
    |       13|       13|  0.130 us|  0.130 us|    0|    0|  loop pipeline stp|
    +---------+---------+----------+----------+-----+-----+-------------------+

    + Detail: 
        * Instance: 
        N/A

        * Loop: 
        +--------------------+---------+---------+----------+-----------+-----------+------+----------+
        |                    |  Latency (cycles) | Iteration|  Initiation Interval  | Trip |          |
        |      Loop Name     |   min   |   max   |  Latency |  achieved |   target  | Count| Pipelined|
        +--------------------+---------+---------+----------+-----------+-----------+------+----------+
        |- VITIS_LOOP_117_1  |       11|       11|         8|          1|          1|     5|       yes|
        +--------------------+---------+---------+----------+-----------+-----------+------+----------+



================================================================
== Utilization Estimates
================================================================
* Summary: 
+-----------------+---------+-----+--------+-------+-----+
|       Name      | BRAM_18K| DSP |   FF   |  LUT  | URAM|
+-----------------+---------+-----+--------+-------+-----+
|DSP              |        -|    -|       -|      -|    -|
|Expression       |        -|    -|       0|   3463|    -|
|FIFO             |        -|    -|       -|      -|    -|
|Instance         |        -|   24|       0|   1063|    -|
|Memory           |        0|    -|     293|     26|    -|
|Multiplexer      |        -|    -|       0|    236|    -|
|Register         |        -|    -|    1918|     32|    -|
+-----------------+---------+-----+--------+-------+-----+
|Total            |        0|   24|    2211|   4820|    0|
+-----------------+---------+-----+--------+-------+-----+
|Available        |      280|  220|  106400|  53200|    0|
+-----------------+---------+-----+--------+-------+-----+
|Utilization (%)  |        0|   10|       2|      9|    0|
+-----------------+---------+-----+--------+-------+-----+

+ Detail: 
    * Instance: 
    +----------------------------+-----------------------+---------+----+---+----+-----+
    |          Instance          |         Module        | BRAM_18K| DSP| FF| LUT| URAM|
    +----------------------------+-----------------------+---------+----+---+----+-----+
    |mul_12s_15ns_27_1_1_U322    |mul_12s_15ns_27_1_1    |        0|   1|  0|   6|    0|
    |mul_12s_15ns_27_1_1_U349    |mul_12s_15ns_27_1_1    |        0|   1|  0|   6|    0|
    |mul_12s_15ns_27_1_1_U350    |mul_12s_15ns_27_1_1    |        0|   1|  0|   6|    0|
    |mul_12s_15ns_27_1_1_U362    |mul_12s_15ns_27_1_1    |        0|   1|  0|   6|    0|
    |mul_13s_15ns_28_1_1_U320    |mul_13s_15ns_28_1_1    |        0|   1|  0|   6|    0|
    |mul_13s_15ns_28_1_1_U341    |mul_13s_15ns_28_1_1    |        0|   1|  0|   6|    0|
    |mul_13s_15ns_28_1_1_U344    |mul_13s_15ns_28_1_1    |        0|   1|  0|   6|    0|
    |mul_13s_15ns_28_1_1_U345    |mul_13s_15ns_28_1_1    |        0|   1|  0|   6|    0|
    |mul_13s_15ns_28_1_1_U347    |mul_13s_15ns_28_1_1    |        0|   1|  0|   6|    0|
    |mul_13s_15ns_28_1_1_U351    |mul_13s_15ns_28_1_1    |        0|   1|  0|   6|    0|
    |mul_13s_15ns_28_1_1_U354    |mul_13s_15ns_28_1_1    |        0|   1|  0|   6|    0|
    |mul_13s_15ns_28_1_1_U357    |mul_13s_15ns_28_1_1    |        0|   1|  0|   6|    0|
    |mul_13s_15ns_28_1_1_U359    |mul_13s_15ns_28_1_1    |        0|   1|  0|   6|    0|
    |mul_13s_15ns_28_1_1_U361    |mul_13s_15ns_28_1_1    |        0|   1|  0|   6|    0|
    |mul_13s_15ns_28_1_1_U364    |mul_13s_15ns_28_1_1    |        0|   1|  0|   6|    0|
    |mul_14s_15ns_29_1_1_U342    |mul_14s_15ns_29_1_1    |        0|   1|  0|   6|    0|
    |mul_14s_15ns_29_1_1_U343    |mul_14s_15ns_29_1_1    |        0|   1|  0|   6|    0|
    |mul_14s_15ns_29_1_1_U346    |mul_14s_15ns_29_1_1    |        0|   1|  0|   6|    0|
    |mul_14s_15ns_29_1_1_U348    |mul_14s_15ns_29_1_1    |        0|   1|  0|   6|    0|
    |mul_14s_15ns_29_1_1_U352    |mul_14s_15ns_29_1_1    |        0|   1|  0|   6|    0|
    |mul_14s_15ns_29_1_1_U355    |mul_14s_15ns_29_1_1    |        0|   1|  0|   6|    0|
    |mul_14s_15ns_29_1_1_U358    |mul_14s_15ns_29_1_1    |        0|   1|  0|   6|    0|
    |mul_14s_15ns_29_1_1_U360    |mul_14s_15ns_29_1_1    |        0|   1|  0|   6|    0|
    |mul_14s_15ns_29_1_1_U363    |mul_14s_15ns_29_1_1    |        0|   1|  0|   6|    0|
    |mul_5ns_7ns_11_1_1_U310     |mul_5ns_7ns_11_1_1     |        0|   0|  0|  33|    0|
    |mul_6ns_8ns_13_1_1_U313     |mul_6ns_8ns_13_1_1     |        0|   0|  0|  41|    0|
    |mul_6ns_8ns_13_1_1_U314     |mul_6ns_8ns_13_1_1     |        0|   0|  0|  41|    0|
    |mul_7ns_9ns_15_1_1_U315     |mul_7ns_9ns_15_1_1     |        0|   0|  0|  51|    0|
    |mul_7ns_9ns_15_1_1_U316     |mul_7ns_9ns_15_1_1     |        0|   0|  0|  51|    0|
    |mul_7ns_9ns_15_1_1_U317     |mul_7ns_9ns_15_1_1     |        0|   0|  0|  51|    0|
    |mul_7ns_9ns_15_1_1_U318     |mul_7ns_9ns_15_1_1     |        0|   0|  0|  51|    0|
    |sparsemux_11_3_12_1_1_U312  |sparsemux_11_3_12_1_1  |        0|   0|  0|  25|    0|
    |sparsemux_11_3_12_1_1_U329  |sparsemux_11_3_12_1_1  |        0|   0|  0|  25|    0|
    |sparsemux_11_3_12_1_1_U330  |sparsemux_11_3_12_1_1  |        0|   0|  0|  25|    0|
    |sparsemux_11_3_12_1_1_U340  |sparsemux_11_3_12_1_1  |        0|   0|  0|  25|    0|
    |sparsemux_11_3_13_1_1_U311  |sparsemux_11_3_13_1_1  |        0|   0|  0|  25|    0|
    |sparsemux_11_3_13_1_1_U319  |sparsemux_11_3_13_1_1  |        0|   0|  0|  25|    0|
    |sparsemux_11_3_13_1_1_U324  |sparsemux_11_3_13_1_1  |        0|   0|  0|  25|    0|
    |sparsemux_11_3_13_1_1_U325  |sparsemux_11_3_13_1_1  |        0|   0|  0|  25|    0|
    |sparsemux_11_3_13_1_1_U327  |sparsemux_11_3_13_1_1  |        0|   0|  0|  25|    0|
    |sparsemux_11_3_13_1_1_U331  |sparsemux_11_3_13_1_1  |        0|   0|  0|  25|    0|
    |sparsemux_11_3_13_1_1_U333  |sparsemux_11_3_13_1_1  |        0|   0|  0|  25|    0|
    |sparsemux_11_3_13_1_1_U335  |sparsemux_11_3_13_1_1  |        0|   0|  0|  25|    0|
    |sparsemux_11_3_13_1_1_U337  |sparsemux_11_3_13_1_1  |        0|   0|  0|  25|    0|
    |sparsemux_11_3_13_1_1_U339  |sparsemux_11_3_13_1_1  |        0|   0|  0|  25|    0|
    |sparsemux_11_3_13_1_1_U356  |sparsemux_11_3_13_1_1  |        0|   0|  0|  25|    0|
    |sparsemux_11_3_14_1_1_U321  |sparsemux_11_3_14_1_1  |        0|   0|  0|  25|    0|
    |sparsemux_11_3_14_1_1_U323  |sparsemux_11_3_14_1_1  |        0|   0|  0|  25|    0|
    |sparsemux_11_3_14_1_1_U326  |sparsemux_11_3_14_1_1  |        0|   0|  0|  25|    0|
    |sparsemux_11_3_14_1_1_U328  |sparsemux_11_3_14_1_1  |        0|   0|  0|  25|    0|
    |sparsemux_11_3_14_1_1_U332  |sparsemux_11_3_14_1_1  |        0|   0|  0|  25|    0|
    |sparsemux_11_3_14_1_1_U334  |sparsemux_11_3_14_1_1  |        0|   0|  0|  25|    0|
    |sparsemux_11_3_14_1_1_U336  |sparsemux_11_3_14_1_1  |        0|   0|  0|  25|    0|
    |sparsemux_11_3_14_1_1_U338  |sparsemux_11_3_14_1_1  |        0|   0|  0|  25|    0|
    |sparsemux_11_3_14_1_1_U353  |sparsemux_11_3_14_1_1  |        0|   0|  0|  25|    0|
    +----------------------------+-----------------------+---------+----+---+----+-----+
    |Total                       |                       |        0|  24|  0|1063|    0|
    +----------------------------+-----------------------+---------+----+---+----+-----+

    * DSP: 
    N/A

    * Memory: 
    +--------------------------------------+----------------------------------------------------------------------+---------+----+----+-----+------+-----+------+-------------+
    |                Memory                |                                Module                                | BRAM_18K| FF | LUT| URAM| Words| Bits| Banks| W*Bits*Banks|
    +--------------------------------------+----------------------------------------------------------------------+---------+----+----+-----+------+-----+------+-------------+
    |main5_class_output_bias_U             |dense_24x5_linear_int_main5_class_output_bias_ROM_AUTO_1R             |        0|  14|   2|    0|     5|   14|     1|           70|
    |p_ZL25main5_class_output_kernel_0_U   |dense_24x5_linear_int_p_ZL25main5_class_output_kernel_0_ROM_AUTO_1R   |        0|  42|   3|    0|    10|   14|     1|          140|
    |p_ZL25main5_class_output_kernel_10_U  |dense_24x5_linear_int_p_ZL25main5_class_output_kernel_10_ROM_AUTO_1R  |        0|  39|   3|    0|    10|   13|     1|          130|
    |p_ZL25main5_class_output_kernel_11_U  |dense_24x5_linear_int_p_ZL25main5_class_output_kernel_11_ROM_AUTO_1R  |        0|  42|   3|    0|    10|   14|     1|          140|
    |p_ZL25main5_class_output_kernel_1_U   |dense_24x5_linear_int_p_ZL25main5_class_output_kernel_1_ROM_AUTO_1R   |        0|  39|   3|    0|    10|   13|     1|          130|
    |p_ZL25main5_class_output_kernel_2_U   |dense_24x5_linear_int_p_ZL25main5_class_output_kernel_2_ROM_AUTO_1R   |        0|  39|   3|    0|    10|   13|     1|          130|
    |p_ZL25main5_class_output_kernel_3_U   |dense_24x5_linear_int_p_ZL25main5_class_output_kernel_3_ROM_AUTO_1R   |        0|  26|   3|    0|    10|   13|     1|          130|
    |p_ZL25main5_class_output_kernel_8_U   |dense_24x5_linear_int_p_ZL25main5_class_output_kernel_8_ROM_AUTO_1R   |        0|  26|   3|    0|    10|   13|     1|          130|
    |p_ZL25main5_class_output_kernel_9_U   |dense_24x5_linear_int_p_ZL25main5_class_output_kernel_9_ROM_AUTO_1R   |        0|  26|   3|    0|    10|   13|     1|          130|
    +--------------------------------------+----------------------------------------------------------------------+---------+----+----+-----+------+-----+------+-------------+
    |Total                                 |                                                                      |        0| 293|  26|    0|    85|  120|     9|         1130|
    +--------------------------------------+----------------------------------------------------------------------+---------+----+----+-----+------+-----+------+-------------+

    * FIFO: 
    N/A

    * Expression: 
    +---------------------------+----------+----+---+----+------------+------------+
    |       Variable Name       | Operation| DSP| FF| LUT| Bitwidth P0| Bitwidth P1|
    +---------------------------+----------+----+---+----+------------+------------+
    |acc_2_fu_3861_p2           |         +|   0|  0|  28|          21|          21|
    |add_ln117_fu_1088_p2       |         +|   0|  0|  11|           3|           1|
    |add_ln122_1_fu_1106_p2     |         +|   0|  0|  13|           5|           5|
    |add_ln122_2_fu_1132_p2     |         +|   0|  0|  14|           6|           6|
    |add_ln122_3_fu_1138_p2     |         +|   0|  0|  14|           6|           6|
    |add_ln122_4_fu_1319_p2     |         +|   0|  0|  14|           7|           7|
    |add_ln122_5_fu_1144_p2     |         +|   0|  0|  14|           7|           7|
    |add_ln122_6_fu_1150_p2     |         +|   0|  0|  14|           6|           6|
    |add_ln122_fu_1203_p2       |         +|   0|  0|  13|           4|           4|
    |add_ln123_10_fu_3817_p2    |         +|   0|  0|  27|          20|          20|
    |add_ln123_11_fu_2521_p2    |         +|   0|  0|  23|          16|          16|
    |add_ln123_12_fu_3510_p2    |         +|   0|  0|  25|          18|          18|
    |add_ln123_13_fu_3733_p2    |         +|   0|  0|  18|          18|          18|
    |add_ln123_14_fu_3739_p2    |         +|   0|  0|  18|          18|          18|
    |add_ln123_15_fu_3749_p2    |         +|   0|  0|  26|          19|          19|
    |add_ln123_16_fu_3755_p2    |         +|   0|  0|  18|          18|          18|
    |add_ln123_17_fu_3761_p2    |         +|   0|  0|  18|          18|          18|
    |add_ln123_18_fu_3516_p2    |         +|   0|  0|  23|          16|          16|
    |add_ln123_19_fu_3522_p2    |         +|   0|  0|  23|          16|          16|
    |add_ln123_1_fu_3680_p2     |         +|   0|  0|  18|          18|          18|
    |add_ln123_20_fu_3777_p2    |         +|   0|  0|  24|          17|          17|
    |add_ln123_21_fu_3787_p2    |         +|   0|  0|  26|          19|          19|
    |add_ln123_22_fu_3841_p2    |         +|   0|  0|  27|          20|          20|
    |add_ln123_24_fu_3812_p2    |         +|   0|  0|  26|          19|          19|
    |add_ln123_25_fu_3837_p2    |         +|   0|  0|  26|          19|          19|
    |add_ln123_2_fu_3690_p2     |         +|   0|  0|  18|          18|          18|
    |add_ln123_3_fu_3696_p2     |         +|   0|  0|  18|          18|          18|
    |add_ln123_4_fu_3706_p2     |         +|   0|  0|  26|          19|          19|
    |add_ln123_5_fu_3495_p2     |         +|   0|  0|  24|          17|          17|
    |add_ln123_6_fu_3715_p2     |         +|   0|  0|  25|          18|          18|
    |add_ln123_7_fu_3501_p2     |         +|   0|  0|  24|          17|          17|
    |add_ln123_8_fu_3724_p2     |         +|   0|  0|  25|          18|          18|
    |add_ln123_9_fu_3802_p2     |         +|   0|  0|  26|          19|          19|
    |add_ln123_fu_3674_p2       |         +|   0|  0|  18|          18|          18|
    |add_ln38_40_fu_2108_p2     |         +|   0|  0|  35|          28|          12|
    |add_ln38_41_fu_2593_p2     |         +|   0|  0|  36|          29|          12|
    |add_ln38_42_fu_2167_p2     |         +|   0|  0|  34|          27|          12|
    |add_ln38_43_fu_2641_p2     |         +|   0|  0|  36|          29|          12|
    |add_ln38_44_fu_2684_p2     |         +|   0|  0|  35|          28|          12|
    |add_ln38_45_fu_2727_p2     |         +|   0|  0|  35|          28|          12|
    |add_ln38_46_fu_2770_p2     |         +|   0|  0|  36|          29|          12|
    |add_ln38_47_fu_2813_p2     |         +|   0|  0|  35|          28|          12|
    |add_ln38_48_fu_2856_p2     |         +|   0|  0|  36|          29|          12|
    |add_ln38_49_fu_2906_p2     |         +|   0|  0|  34|          27|          12|
    |add_ln38_50_fu_2961_p2     |         +|   0|  0|  34|          27|          12|
    |add_ln38_51_fu_3009_p2     |         +|   0|  0|  35|          28|          12|
    |add_ln38_52_fu_3059_p2     |         +|   0|  0|  36|          29|          12|
    |add_ln38_53_fu_3556_p2     |         +|   0|  0|  36|          29|          12|
    |add_ln38_54_fu_3118_p2     |         +|   0|  0|  35|          28|          12|
    |add_ln38_55_fu_3173_p2     |         +|   0|  0|  36|          29|          12|
    |add_ln38_56_fu_3611_p2     |         +|   0|  0|  35|          28|          12|
    |add_ln38_57_fu_3225_p2     |         +|   0|  0|  35|          28|          12|
    |add_ln38_58_fu_3268_p2     |         +|   0|  0|  36|          29|          12|
    |add_ln38_59_fu_3311_p2     |         +|   0|  0|  35|          28|          12|
    |add_ln38_60_fu_3354_p2     |         +|   0|  0|  36|          29|          12|
    |add_ln38_61_fu_3397_p2     |         +|   0|  0|  35|          28|          12|
    |add_ln38_62_fu_3447_p2     |         +|   0|  0|  34|          27|          12|
    |add_ln38_fu_2538_p2        |         +|   0|  0|  35|          28|          12|
    |add_ln8_fu_3855_p2         |         +|   0|  0|  23|          16|          16|
    |sub_ln40_100_fu_2936_p2    |         -|   0|  0|  20|           1|          15|
    |sub_ln40_101_fu_2976_p2    |         -|   0|  0|  34|          12|          27|
    |sub_ln40_102_fu_2991_p2    |         -|   0|  0|  20|           1|          15|
    |sub_ln40_103_fu_3024_p2    |         -|   0|  0|  35|          12|          28|
    |sub_ln40_104_fu_3039_p2    |         -|   0|  0|  23|           1|          16|
    |sub_ln40_105_fu_3074_p2    |         -|   0|  0|  36|          12|          29|
    |sub_ln40_106_fu_3089_p2    |         -|   0|  0|  24|           1|          17|
    |sub_ln40_107_fu_3571_p2    |         -|   0|  0|  36|          12|          29|
    |sub_ln40_108_fu_3586_p2    |         -|   0|  0|  24|           1|          17|
    |sub_ln40_109_fu_3133_p2    |         -|   0|  0|  35|          12|          28|
    |sub_ln40_110_fu_3148_p2    |         -|   0|  0|  23|           1|          16|
    |sub_ln40_111_fu_3188_p2    |         -|   0|  0|  36|          12|          29|
    |sub_ln40_112_fu_3203_p2    |         -|   0|  0|  24|           1|          17|
    |sub_ln40_113_fu_3626_p2    |         -|   0|  0|  35|          12|          28|
    |sub_ln40_114_fu_3641_p2    |         -|   0|  0|  23|           1|          16|
    |sub_ln40_115_fu_3240_p2    |         -|   0|  0|  35|          12|          28|
    |sub_ln40_116_fu_3255_p2    |         -|   0|  0|  23|           1|          16|
    |sub_ln40_117_fu_3283_p2    |         -|   0|  0|  36|          12|          29|
    |sub_ln40_118_fu_3298_p2    |         -|   0|  0|  24|           1|          17|
    |sub_ln40_119_fu_3326_p2    |         -|   0|  0|  35|          12|          28|
    |sub_ln40_120_fu_3341_p2    |         -|   0|  0|  23|           1|          16|
    |sub_ln40_121_fu_3369_p2    |         -|   0|  0|  36|          12|          29|
    |sub_ln40_122_fu_3384_p2    |         -|   0|  0|  24|           1|          17|
    |sub_ln40_123_fu_3412_p2    |         -|   0|  0|  35|          12|          28|
    |sub_ln40_124_fu_3427_p2    |         -|   0|  0|  23|           1|          16|
    |sub_ln40_125_fu_3462_p2    |         -|   0|  0|  34|          12|          27|
    |sub_ln40_126_fu_3477_p2    |         -|   0|  0|  20|           1|          15|
    |sub_ln40_80_fu_2568_p2     |         -|   0|  0|  23|           1|          16|
    |sub_ln40_81_fu_2123_p2     |         -|   0|  0|  35|          12|          28|
    |sub_ln40_82_fu_2138_p2     |         -|   0|  0|  23|           1|          16|
    |sub_ln40_83_fu_2608_p2     |         -|   0|  0|  36|          12|          29|
    |sub_ln40_84_fu_2623_p2     |         -|   0|  0|  24|           1|          17|
    |sub_ln40_85_fu_2182_p2     |         -|   0|  0|  34|          12|          27|
    |sub_ln40_86_fu_2197_p2     |         -|   0|  0|  20|           1|          15|
    |sub_ln40_87_fu_2656_p2     |         -|   0|  0|  36|          12|          29|
    |sub_ln40_88_fu_2671_p2     |         -|   0|  0|  24|           1|          17|
    |sub_ln40_89_fu_2699_p2     |         -|   0|  0|  35|          12|          28|
    |sub_ln40_90_fu_2714_p2     |         -|   0|  0|  23|           1|          16|
    |sub_ln40_91_fu_2742_p2     |         -|   0|  0|  35|          12|          28|
    |sub_ln40_92_fu_2757_p2     |         -|   0|  0|  23|           1|          16|
    |sub_ln40_93_fu_2785_p2     |         -|   0|  0|  36|          12|          29|
    |sub_ln40_94_fu_2800_p2     |         -|   0|  0|  24|           1|          17|
    |sub_ln40_95_fu_2828_p2     |         -|   0|  0|  35|          12|          28|
    |sub_ln40_96_fu_2843_p2     |         -|   0|  0|  23|           1|          16|
    |sub_ln40_97_fu_2871_p2     |         -|   0|  0|  36|          12|          29|
    |sub_ln40_98_fu_2886_p2     |         -|   0|  0|  24|           1|          17|
    |sub_ln40_99_fu_2921_p2     |         -|   0|  0|  34|          12|          27|
    |sub_ln40_fu_2553_p2        |         -|   0|  0|  35|          12|          28|
    |ap_condition_625           |       and|   0|  0|   2|           1|           1|
    |icmp_ln117_fu_1082_p2      |      icmp|   0|  0|  11|           3|           3|
    |icmp_ln122_fu_1209_p2      |      icmp|   0|  0|  13|           4|           4|
    |icmp_ln6_fu_3877_p2        |      icmp|   0|  0|  14|           6|           1|
    |icmp_ln7_fu_3882_p2        |      icmp|   0|  0|  28|          21|          17|
    |or_ln6_fu_3895_p2          |        or|   0|  0|   2|           1|           1|
    |select_ln122_fu_1215_p3    |    select|   0|  0|   2|           1|           1|
    |select_ln37_39_fu_2144_p3  |    select|   0|  0|  16|           1|          16|
    |select_ln37_40_fu_2629_p3  |    select|   0|  0|  17|           1|          17|
    |select_ln37_41_fu_2203_p3  |    select|   0|  0|  15|           1|          15|
    |select_ln37_42_fu_2677_p3  |    select|   0|  0|  17|           1|          17|
    |select_ln37_43_fu_2720_p3  |    select|   0|  0|  16|           1|          16|
    |select_ln37_44_fu_2763_p3  |    select|   0|  0|  16|           1|          16|
    |select_ln37_45_fu_2806_p3  |    select|   0|  0|  17|           1|          17|
    |select_ln37_46_fu_2849_p3  |    select|   0|  0|  16|           1|          16|
    |select_ln37_47_fu_2892_p3  |    select|   0|  0|  17|           1|          17|
    |select_ln37_48_fu_2942_p3  |    select|   0|  0|  15|           1|          15|
    |select_ln37_49_fu_2997_p3  |    select|   0|  0|  15|           1|          15|
    |select_ln37_50_fu_3045_p3  |    select|   0|  0|  16|           1|          16|
    |select_ln37_51_fu_3095_p3  |    select|   0|  0|  17|           1|          17|
    |select_ln37_52_fu_3592_p3  |    select|   0|  0|  17|           1|          17|
    |select_ln37_53_fu_3154_p3  |    select|   0|  0|  16|           1|          16|
    |select_ln37_54_fu_3209_p3  |    select|   0|  0|  17|           1|          17|
    |select_ln37_55_fu_3647_p3  |    select|   0|  0|  16|           1|          16|
    |select_ln37_56_fu_3261_p3  |    select|   0|  0|  16|           1|          16|
    |select_ln37_57_fu_3304_p3  |    select|   0|  0|  17|           1|          17|
    |select_ln37_58_fu_3347_p3  |    select|   0|  0|  16|           1|          16|
    |select_ln37_59_fu_3390_p3  |    select|   0|  0|  17|           1|          17|
    |select_ln37_60_fu_3433_p3  |    select|   0|  0|  16|           1|          16|
    |select_ln37_61_fu_3483_p3  |    select|   0|  0|  15|           1|          15|
    |select_ln37_fu_2574_p3     |    select|   0|  0|  16|           1|          16|
    |select_ln6_4_fu_3887_p3    |    select|   0|  0|  17|           1|          15|
    |select_ln6_fu_3901_p3      |    select|   0|  0|  16|           1|          16|
    |ap_enable_pp0              |       xor|   0|  0|   2|           1|           2|
    +---------------------------+----------+----+---+----+------------+------------+
    |Total                      |          |   0|  0|3463|        1585|        2334|
    +---------------------------+----------+----+---+----+------------+------------+

    * Multiplexer: 
    +---------------------------------------------------+----+-----------+-----+-----------+
    |                        Name                       | LUT| Input Size| Bits| Total Bits|
    +---------------------------------------------------+----+-----------+-----+-----------+
    |ap_done_int                                        |   9|          2|    1|          2|
    |ap_enable_reg_pp0_iter1                            |   9|          2|    1|          2|
    |ap_sig_allocacmp_j_2                               |   9|          2|    3|          6|
    |j_fu_370                                           |   9|          2|    3|          6|
    |p_ZL25main5_class_output_kernel_0_address1_local   |  25|          5|    4|         20|
    |p_ZL25main5_class_output_kernel_0_address2_local   |  20|          4|    4|         16|
    |p_ZL25main5_class_output_kernel_10_address1_local  |  20|          4|    4|         16|
    |p_ZL25main5_class_output_kernel_10_address2_local  |  14|          3|    4|         12|
    |p_ZL25main5_class_output_kernel_11_address1_local  |  25|          5|    4|         20|
    |p_ZL25main5_class_output_kernel_11_address2_local  |  20|          4|    4|         16|
    |p_ZL25main5_class_output_kernel_1_address1_local   |  20|          4|    4|         16|
    |p_ZL25main5_class_output_kernel_1_address2_local   |  14|          3|    4|         12|
    |p_ZL25main5_class_output_kernel_2_address1_local   |  14|          3|    4|         12|
    |p_ZL25main5_class_output_kernel_9_address0_local   |  14|          3|    4|         12|
    |p_ZL25main5_class_output_kernel_9_address1_local   |  14|          3|    4|         12|
    +---------------------------------------------------+----+-----------+-----+-----------+
    |Total                                              | 236|         49|   52|        180|
    +---------------------------------------------------+----+-----------+-----+-----------+

    * Register: 
    +----------------------------------+----+----+-----+-----------+
    |               Name               | FF | LUT| Bits| Const Bits|
    +----------------------------------+----+----+-----+-----------+
    |acc_2_reg_4773                    |  21|   0|   21|          0|
    |add_ln122_2_reg_4084              |   6|   0|    6|          0|
    |add_ln122_3_reg_4089              |   6|   0|    6|          0|
    |add_ln122_5_reg_4094              |   7|   0|    7|          0|
    |add_ln122_6_reg_4099              |   6|   0|    6|          0|
    |add_ln123_11_reg_4636             |  16|   0|   16|          0|
    |add_ln123_12_reg_4725             |  18|   0|   18|          0|
    |add_ln123_15_reg_4756             |  19|   0|   19|          0|
    |add_ln123_18_reg_4730             |  16|   0|   16|          0|
    |add_ln123_19_reg_4735             |  16|   0|   16|          0|
    |add_ln123_21_reg_4762             |  19|   0|   19|          0|
    |add_ln123_4_reg_4740              |  19|   0|   19|          0|
    |add_ln123_5_reg_4715              |  17|   0|   17|          0|
    |add_ln123_6_reg_4746              |  18|   0|   18|          0|
    |add_ln123_7_reg_4720              |  17|   0|   17|          0|
    |add_ln123_8_reg_4751              |  18|   0|   18|          0|
    |add_ln8_reg_4768                  |  16|   0|   16|          0|
    |ap_CS_fsm                         |   1|   0|    1|          0|
    |ap_done_reg                       |   1|   0|    1|          0|
    |ap_enable_reg_pp0_iter1           |   1|   0|    1|          0|
    |ap_enable_reg_pp0_iter2           |   1|   0|    1|          0|
    |ap_enable_reg_pp0_iter3           |   1|   0|    1|          0|
    |ap_enable_reg_pp0_iter4           |   1|   0|    1|          0|
    |ap_enable_reg_pp0_iter5           |   1|   0|    1|          0|
    |ap_enable_reg_pp0_iter6           |   1|   0|    1|          0|
    |ap_enable_reg_pp0_iter7           |   1|   0|    1|          0|
    |ap_loop_exit_ready_pp0_iter1_reg  |   1|   0|    1|          0|
    |ap_loop_exit_ready_pp0_iter2_reg  |   1|   0|    1|          0|
    |ap_loop_exit_ready_pp0_iter3_reg  |   1|   0|    1|          0|
    |ap_loop_exit_ready_pp0_iter4_reg  |   1|   0|    1|          0|
    |ap_loop_exit_ready_pp0_iter5_reg  |   1|   0|    1|          0|
    |ap_loop_exit_ready_pp0_iter6_reg  |   1|   0|    1|          0|
    |j_2_reg_4040                      |   3|   0|    3|          0|
    |j_fu_370                          |   3|   0|    3|          0|
    |p_40_reg_4299                     |  28|   0|   28|          0|
    |p_41_reg_4445                     |  29|   0|   29|          0|
    |p_42_reg_4311                     |  27|   0|   27|          0|
    |p_43_reg_4452                     |  29|   0|   29|          0|
    |p_44_reg_4463                     |  28|   0|   28|          0|
    |p_45_reg_4474                     |  28|   0|   28|          0|
    |p_46_reg_4485                     |  29|   0|   29|          0|
    |p_47_reg_4496                     |  28|   0|   28|          0|
    |p_48_reg_4507                     |  29|   0|   29|          0|
    |p_49_reg_4518                     |  27|   0|   27|          0|
    |p_50_reg_4525                     |  27|   0|   27|          0|
    |p_51_reg_4532                     |  28|   0|   28|          0|
    |p_52_reg_4543                     |  29|   0|   29|          0|
    |p_53_reg_4676                     |  29|   0|   29|          0|
    |p_54_reg_4555                     |  28|   0|   28|          0|
    |p_55_reg_4562                     |  29|   0|   29|          0|
    |p_56_reg_4683                     |  28|   0|   28|          0|
    |p_57_reg_4574                     |  28|   0|   28|          0|
    |p_58_reg_4585                     |  29|   0|   29|          0|
    |p_59_reg_4596                     |  28|   0|   28|          0|
    |p_60_reg_4607                     |  29|   0|   29|          0|
    |p_61_reg_4618                     |  28|   0|   28|          0|
    |p_62_reg_4629                     |  27|   0|   27|          0|
    |p_reg_4438                        |  28|   0|   28|          0|
    |select_ln37_42_reg_4641           |  17|   0|   17|          0|
    |select_ln37_43_reg_4646           |  16|   0|   16|          0|
    |select_ln37_44_reg_4651           |  16|   0|   16|          0|
    |select_ln37_45_reg_4656           |  17|   0|   17|          0|
    |select_ln37_46_reg_4661           |  16|   0|   16|          0|
    |select_ln37_47_reg_4666           |  17|   0|   17|          0|
    |select_ln37_50_reg_4671           |  16|   0|   16|          0|
    |select_ln37_56_reg_4690           |  16|   0|   16|          0|
    |select_ln37_57_reg_4695           |  17|   0|   17|          0|
    |select_ln37_58_reg_4700           |  16|   0|   16|          0|
    |select_ln37_59_reg_4705           |  17|   0|   17|          0|
    |select_ln37_60_reg_4710           |  16|   0|   16|          0|
    |tmp_100_reg_4778                  |   6|   0|    6|          0|
    |tmp_73_reg_4079                   |   2|   0|    2|          0|
    |tmp_74_reg_4458                   |   1|   0|    1|          0|
    |tmp_75_reg_4469                   |   1|   0|    1|          0|
    |tmp_76_reg_4480                   |   1|   0|    1|          0|
    |tmp_78_reg_4491                   |   1|   0|    1|          0|
    |tmp_79_reg_4502                   |   1|   0|    1|          0|
    |tmp_81_reg_4513                   |   1|   0|    1|          0|
    |tmp_84_reg_4538                   |   1|   0|    1|          0|
    |tmp_86_reg_4214                   |   4|   0|    4|          0|
    |tmp_92_reg_4580                   |   1|   0|    1|          0|
    |tmp_94_reg_4591                   |   1|   0|    1|          0|
    |tmp_95_reg_4602                   |   1|   0|    1|          0|
    |tmp_97_reg_4613                   |   1|   0|    1|          0|
    |tmp_98_reg_4624                   |   1|   0|    1|          0|
    |w_40_reg_4104                     |  13|   0|   13|          0|
    |w_41_reg_4306                     |  14|   0|   14|          0|
    |w_42_reg_4134                     |  12|   0|   12|          0|
    |w_43_reg_4318                     |  14|   0|   14|          0|
    |w_44_reg_4323                     |  13|   0|   13|          0|
    |w_45_reg_4328                     |  13|   0|   13|          0|
    |w_46_reg_4333                     |  14|   0|   14|          0|
    |w_47_reg_4338                     |  13|   0|   13|          0|
    |w_48_reg_4343                     |  14|   0|   14|          0|
    |w_49_reg_4348                     |  12|   0|   12|          0|
    |w_50_reg_4353                     |  12|   0|   12|          0|
    |w_51_reg_4358                     |  13|   0|   13|          0|
    |w_52_reg_4363                     |  14|   0|   14|          0|
    |w_53_reg_4550                     |  14|   0|   14|          0|
    |w_54_reg_4393                     |  13|   0|   13|          0|
    |w_55_reg_4398                     |  14|   0|   14|          0|
    |w_56_reg_4569                     |  13|   0|   13|          0|
    |w_57_reg_4403                     |  13|   0|   13|          0|
    |w_58_reg_4408                     |  14|   0|   14|          0|
    |w_59_reg_4413                     |  13|   0|   13|          0|
    |w_60_reg_4418                     |  14|   0|   14|          0|
    |w_61_reg_4423                     |  13|   0|   13|          0|
    |w_62_reg_4428                     |  12|   0|   12|          0|
    |w_reg_4294                        |  13|   0|   13|          0|
    |zext_ln117_2_reg_4074             |   3|   0|    7|          4|
    |zext_ln117_reg_4035               |  15|   0|   27|         12|
    |zext_ln35_10_reg_3970             |  15|   0|   27|         12|
    |zext_ln35_11_reg_3975             |  15|   0|   27|         12|
    |zext_ln35_12_reg_3980             |  15|   0|   28|         13|
    |zext_ln35_13_reg_3985             |  15|   0|   29|         14|
    |zext_ln35_14_reg_3990             |  15|   0|   29|         14|
    |zext_ln35_15_reg_3995             |  15|   0|   28|         13|
    |zext_ln35_16_reg_4000             |  15|   0|   29|         14|
    |zext_ln35_17_reg_4005             |  15|   0|   28|         13|
    |zext_ln35_18_reg_4010             |  15|   0|   28|         13|
    |zext_ln35_19_reg_4015             |  15|   0|   29|         14|
    |zext_ln35_1_reg_3925              |  15|   0|   28|         13|
    |zext_ln35_20_reg_4020             |  15|   0|   28|         13|
    |zext_ln35_21_reg_4025             |  15|   0|   29|         14|
    |zext_ln35_22_reg_4030             |  15|   0|   28|         13|
    |zext_ln35_2_reg_3930              |  15|   0|   29|         14|
    |zext_ln35_3_reg_3935              |  15|   0|   27|         12|
    |zext_ln35_4_reg_3940              |  15|   0|   29|         14|
    |zext_ln35_5_reg_3945              |  15|   0|   28|         13|
    |zext_ln35_6_reg_3950              |  15|   0|   28|         13|
    |zext_ln35_7_reg_3955              |  15|   0|   29|         14|
    |zext_ln35_8_reg_3960              |  15|   0|   28|         13|
    |zext_ln35_9_reg_3965              |  15|   0|   29|         14|
    |zext_ln35_reg_3920                |  15|   0|   28|         13|
    |j_2_reg_4040                      |  64|  32|    3|          0|
    +----------------------------------+----+----+-----+-----------+
    |Total                             |1918|  32| 2178|        321|
    +----------------------------------+----+----+-----+-----------+



================================================================
== Interface
================================================================
* Summary: 
+------------------+-----+-----+------------+-----------------------+--------------+
|     RTL Ports    | Dir | Bits|  Protocol  |     Source Object     |    C Type    |
+------------------+-----+-----+------------+-----------------------+--------------+
|ap_clk            |   in|    1|  ap_ctrl_hs|  dense_24x5_linear_int|  return value|
|ap_rst            |   in|    1|  ap_ctrl_hs|  dense_24x5_linear_int|  return value|
|ap_start          |   in|    1|  ap_ctrl_hs|  dense_24x5_linear_int|  return value|
|ap_done           |  out|    1|  ap_ctrl_hs|  dense_24x5_linear_int|  return value|
|ap_idle           |  out|    1|  ap_ctrl_hs|  dense_24x5_linear_int|  return value|
|ap_ready          |  out|    1|  ap_ctrl_hs|  dense_24x5_linear_int|  return value|
|in_q12_0_val      |   in|   15|     ap_none|           in_q12_0_val|        scalar|
|in_q12_1_val      |   in|   15|     ap_none|           in_q12_1_val|        scalar|
|in_q12_2_val      |   in|   15|     ap_none|           in_q12_2_val|        scalar|
|in_q12_3_val      |   in|   15|     ap_none|           in_q12_3_val|        scalar|
|in_q12_4_val      |   in|   15|     ap_none|           in_q12_4_val|        scalar|
|in_q12_5_val      |   in|   15|     ap_none|           in_q12_5_val|        scalar|
|in_q12_6_val      |   in|   15|     ap_none|           in_q12_6_val|        scalar|
|in_q12_7_val      |   in|   15|     ap_none|           in_q12_7_val|        scalar|
|in_q12_8_val      |   in|   15|     ap_none|           in_q12_8_val|        scalar|
|in_q12_9_val      |   in|   15|     ap_none|           in_q12_9_val|        scalar|
|in_q12_10_val     |   in|   15|     ap_none|          in_q12_10_val|        scalar|
|in_q12_11_val     |   in|   15|     ap_none|          in_q12_11_val|        scalar|
|in_q12_12_val     |   in|   15|     ap_none|          in_q12_12_val|        scalar|
|in_q12_13_val     |   in|   15|     ap_none|          in_q12_13_val|        scalar|
|in_q12_14_val     |   in|   15|     ap_none|          in_q12_14_val|        scalar|
|in_q12_15_val     |   in|   15|     ap_none|          in_q12_15_val|        scalar|
|in_q12_16_val     |   in|   15|     ap_none|          in_q12_16_val|        scalar|
|in_q12_17_val     |   in|   15|     ap_none|          in_q12_17_val|        scalar|
|in_q12_18_val     |   in|   15|     ap_none|          in_q12_18_val|        scalar|
|in_q12_19_val     |   in|   15|     ap_none|          in_q12_19_val|        scalar|
|in_q12_20_val     |   in|   15|     ap_none|          in_q12_20_val|        scalar|
|in_q12_21_val     |   in|   15|     ap_none|          in_q12_21_val|        scalar|
|in_q12_22_val     |   in|   15|     ap_none|          in_q12_22_val|        scalar|
|in_q12_23_val     |   in|   15|     ap_none|          in_q12_23_val|        scalar|
|out_q12_0         |  out|   16|      ap_vld|              out_q12_0|       pointer|
|out_q12_0_ap_vld  |  out|    1|      ap_vld|              out_q12_0|       pointer|
|out_q12_1         |  out|   16|      ap_vld|              out_q12_1|       pointer|
|out_q12_1_ap_vld  |  out|    1|      ap_vld|              out_q12_1|       pointer|
|out_q12_2         |  out|   16|      ap_vld|              out_q12_2|       pointer|
|out_q12_2_ap_vld  |  out|    1|      ap_vld|              out_q12_2|       pointer|
|out_q12_3         |  out|   16|      ap_vld|              out_q12_3|       pointer|
|out_q12_3_ap_vld  |  out|    1|      ap_vld|              out_q12_3|       pointer|
|out_q12_4         |  out|   16|      ap_vld|              out_q12_4|       pointer|
|out_q12_4_ap_vld  |  out|    1|      ap_vld|              out_q12_4|       pointer|
+------------------+-----+-----+------------+-----------------------+--------------+

