

================================================================
== Vitis HLS Report for 'ecg_fpga_top_Pipeline_VITIS_LOOP_51_2'
================================================================
* Date:           Thu Jul  2 16:39:33 2026

* Version:        2025.2 (Build 6295257 on Nov 12 2025)
* Project:        ecg_fpga_top
* Solution:       hls (Vivado IP Flow Target)
* Product family: zynq
* Target device:  xc7z020-clg400-1


================================================================
== Performance Estimates
================================================================
+ Timing: 
    * Summary: 
    +--------+----------+----------+------------+
    |  Clock |  Target  | Estimated| Uncertainty|
    +--------+----------+----------+------------+
    |ap_clk  |  10.00 ns|  7.300 ns|     2.70 ns|
    +--------+----------+----------+------------+

+ Latency: 
    * Summary: 
    +---------+---------+-----------+-----------+-----+-----+-------------------+
    |  Latency (cycles) |   Latency (absolute)  |  Interval |      Pipeline     |
    |   min   |   max   |    min    |    max    | min | max |        Type       |
    +---------+---------+-----------+-----------+-----+-----+-------------------+
    |        7|        7|  70.000 ns|  70.000 ns|    0|    0|  loop pipeline stp|
    +---------+---------+-----------+-----------+-----+-----+-------------------+

    + Detail: 
        * Instance: 
        N/A

        * Loop: 
        +-------------------+---------+---------+----------+-----------+-----------+------+----------+
        |                   |  Latency (cycles) | Iteration|  Initiation Interval  | Trip |          |
        |     Loop Name     |   min   |   max   |  Latency |  achieved |   target  | Count| Pipelined|
        +-------------------+---------+---------+----------+-----------+-----------+------+----------+
        |- VITIS_LOOP_51_2  |        5|        5|         2|          1|          1|     5|       yes|
        +-------------------+---------+---------+----------+-----------+-----------+------+----------+



================================================================
== Utilization Estimates
================================================================
* Summary: 
+-----------------+---------+-----+--------+-------+-----+
|       Name      | BRAM_18K| DSP |   FF   |  LUT  | URAM|
+-----------------+---------+-----+--------+-------+-----+
|DSP              |        -|    -|       -|      -|    -|
|Expression       |        -|    -|       0|     26|    -|
|FIFO             |        -|    -|       -|      -|    -|
|Instance         |        -|    -|       0|     25|    -|
|Memory           |        -|    -|       -|      -|    -|
|Multiplexer      |        -|    -|       0|     45|    -|
|Register         |        -|    -|      22|      -|    -|
+-----------------+---------+-----+--------+-------+-----+
|Total            |        0|    0|      22|     96|    0|
+-----------------+---------+-----+--------+-------+-----+
|Available        |      280|  220|  106400|  53200|    0|
+-----------------+---------+-----+--------+-------+-----+
|Utilization (%)  |        0|    0|      ~0|     ~0|    0|
+-----------------+---------+-----+--------+-------+-----+

+ Detail: 
    * Instance: 
    +----------------------------+-----------------------+---------+----+---+----+-----+
    |          Instance          |         Module        | BRAM_18K| DSP| FF| LUT| URAM|
    +----------------------------+-----------------------+---------+----+---+----+-----+
    |sparsemux_11_3_16_1_1_U432  |sparsemux_11_3_16_1_1  |        0|   0|  0|  25|    0|
    +----------------------------+-----------------------+---------+----+---+----+-----+
    |Total                       |                       |        0|   0|  0|  25|    0|
    +----------------------------+-----------------------+---------+----+---+----+-----+

    * DSP: 
    N/A

    * Memory: 
    N/A

    * FIFO: 
    N/A

    * Expression: 
    +---------------------------+----------+----+---+----+------------+------------+
    |       Variable Name       | Operation| DSP| FF| LUT| Bitwidth P0| Bitwidth P1|
    +---------------------------+----------+----+---+----+------------+------------+
    |add_ln51_fu_138_p2         |         +|   0|  0|  11|           3|           1|
    |ap_block_pp0_stage0_11001  |       and|   0|  0|   2|           1|           1|
    |icmp_ln51_fu_132_p2        |      icmp|   0|  0|  11|           3|           3|
    |ap_enable_pp0              |       xor|   0|  0|   2|           1|           2|
    +---------------------------+----------+----+---+----+------------+------------+
    |Total                      |          |   0|  0|  26|           8|           7|
    +---------------------------+----------+----+---+----+------------+------------+

    * Multiplexer: 
    +-------------------------+----+-----------+-----+-----------+
    |           Name          | LUT| Input Size| Bits| Total Bits|
    +-------------------------+----+-----------+-----+-----------+
    |ap_done_int              |   9|          2|    1|          2|
    |ap_enable_reg_pp0_iter1  |   9|          2|    1|          2|
    |ap_sig_allocacmp_i_1     |   9|          2|    3|          6|
    |gmem2_blk_n_W            |   9|          2|    1|          2|
    |i_fu_72                  |   9|          2|    3|          6|
    +-------------------------+----+-----------+-----+-----------+
    |Total                    |  45|         10|    9|         18|
    +-------------------------+----+-----------+-----+-----------+

    * Register: 
    +-------------------------+----+----+-----+-----------+
    |           Name          | FF | LUT| Bits| Const Bits|
    +-------------------------+----+----+-----+-----------+
    |ap_CS_fsm                |   1|   0|    1|          0|
    |ap_done_reg              |   1|   0|    1|          0|
    |ap_enable_reg_pp0_iter1  |   1|   0|    1|          0|
    |i_fu_72                  |   3|   0|    3|          0|
    |tmp_2_reg_198            |  16|   0|   16|          0|
    +-------------------------+----+----+-----+-----------+
    |Total                    |  22|   0|   22|          0|
    +-------------------------+----+----+-----+-----------+



================================================================
== Interface
================================================================
* Summary: 
+------------------------+-----+-----+------------+---------------------------------------+--------------+
|        RTL Ports       | Dir | Bits|  Protocol  |             Source Object             |    C Type    |
+------------------------+-----+-----+------------+---------------------------------------+--------------+
|ap_clk                  |   in|    1|  ap_ctrl_hs|  ecg_fpga_top_Pipeline_VITIS_LOOP_51_2|  return value|
|ap_rst                  |   in|    1|  ap_ctrl_hs|  ecg_fpga_top_Pipeline_VITIS_LOOP_51_2|  return value|
|ap_start                |   in|    1|  ap_ctrl_hs|  ecg_fpga_top_Pipeline_VITIS_LOOP_51_2|  return value|
|ap_done                 |  out|    1|  ap_ctrl_hs|  ecg_fpga_top_Pipeline_VITIS_LOOP_51_2|  return value|
|ap_idle                 |  out|    1|  ap_ctrl_hs|  ecg_fpga_top_Pipeline_VITIS_LOOP_51_2|  return value|
|ap_ready                |  out|    1|  ap_ctrl_hs|  ecg_fpga_top_Pipeline_VITIS_LOOP_51_2|  return value|
|m_axi_gmem2_0_AWVALID   |  out|    1|       m_axi|                                  gmem2|       pointer|
|m_axi_gmem2_0_AWREADY   |   in|    1|       m_axi|                                  gmem2|       pointer|
|m_axi_gmem2_0_AWADDR    |  out|   64|       m_axi|                                  gmem2|       pointer|
|m_axi_gmem2_0_AWID      |  out|    1|       m_axi|                                  gmem2|       pointer|
|m_axi_gmem2_0_AWLEN     |  out|   32|       m_axi|                                  gmem2|       pointer|
|m_axi_gmem2_0_AWSIZE    |  out|    3|       m_axi|                                  gmem2|       pointer|
|m_axi_gmem2_0_AWBURST   |  out|    2|       m_axi|                                  gmem2|       pointer|
|m_axi_gmem2_0_AWLOCK    |  out|    2|       m_axi|                                  gmem2|       pointer|
|m_axi_gmem2_0_AWCACHE   |  out|    4|       m_axi|                                  gmem2|       pointer|
|m_axi_gmem2_0_AWPROT    |  out|    3|       m_axi|                                  gmem2|       pointer|
|m_axi_gmem2_0_AWQOS     |  out|    4|       m_axi|                                  gmem2|       pointer|
|m_axi_gmem2_0_AWREGION  |  out|    4|       m_axi|                                  gmem2|       pointer|
|m_axi_gmem2_0_AWUSER    |  out|    1|       m_axi|                                  gmem2|       pointer|
|m_axi_gmem2_0_WVALID    |  out|    1|       m_axi|                                  gmem2|       pointer|
|m_axi_gmem2_0_WREADY    |   in|    1|       m_axi|                                  gmem2|       pointer|
|m_axi_gmem2_0_WDATA     |  out|   16|       m_axi|                                  gmem2|       pointer|
|m_axi_gmem2_0_WSTRB     |  out|    2|       m_axi|                                  gmem2|       pointer|
|m_axi_gmem2_0_WLAST     |  out|    1|       m_axi|                                  gmem2|       pointer|
|m_axi_gmem2_0_WID       |  out|    1|       m_axi|                                  gmem2|       pointer|
|m_axi_gmem2_0_WUSER     |  out|    1|       m_axi|                                  gmem2|       pointer|
|m_axi_gmem2_0_ARVALID   |  out|    1|       m_axi|                                  gmem2|       pointer|
|m_axi_gmem2_0_ARREADY   |   in|    1|       m_axi|                                  gmem2|       pointer|
|m_axi_gmem2_0_ARADDR    |  out|   64|       m_axi|                                  gmem2|       pointer|
|m_axi_gmem2_0_ARID      |  out|    1|       m_axi|                                  gmem2|       pointer|
|m_axi_gmem2_0_ARLEN     |  out|   32|       m_axi|                                  gmem2|       pointer|
|m_axi_gmem2_0_ARSIZE    |  out|    3|       m_axi|                                  gmem2|       pointer|
|m_axi_gmem2_0_ARBURST   |  out|    2|       m_axi|                                  gmem2|       pointer|
|m_axi_gmem2_0_ARLOCK    |  out|    2|       m_axi|                                  gmem2|       pointer|
|m_axi_gmem2_0_ARCACHE   |  out|    4|       m_axi|                                  gmem2|       pointer|
|m_axi_gmem2_0_ARPROT    |  out|    3|       m_axi|                                  gmem2|       pointer|
|m_axi_gmem2_0_ARQOS     |  out|    4|       m_axi|                                  gmem2|       pointer|
|m_axi_gmem2_0_ARREGION  |  out|    4|       m_axi|                                  gmem2|       pointer|
|m_axi_gmem2_0_ARUSER    |  out|    1|       m_axi|                                  gmem2|       pointer|
|m_axi_gmem2_0_RVALID    |   in|    1|       m_axi|                                  gmem2|       pointer|
|m_axi_gmem2_0_RREADY    |  out|    1|       m_axi|                                  gmem2|       pointer|
|m_axi_gmem2_0_RDATA     |   in|   16|       m_axi|                                  gmem2|       pointer|
|m_axi_gmem2_0_RLAST     |   in|    1|       m_axi|                                  gmem2|       pointer|
|m_axi_gmem2_0_RID       |   in|    1|       m_axi|                                  gmem2|       pointer|
|m_axi_gmem2_0_RFIFONUM  |   in|   10|       m_axi|                                  gmem2|       pointer|
|m_axi_gmem2_0_RUSER     |   in|    1|       m_axi|                                  gmem2|       pointer|
|m_axi_gmem2_0_RRESP     |   in|    2|       m_axi|                                  gmem2|       pointer|
|m_axi_gmem2_0_BVALID    |   in|    1|       m_axi|                                  gmem2|       pointer|
|m_axi_gmem2_0_BREADY    |  out|    1|       m_axi|                                  gmem2|       pointer|
|m_axi_gmem2_0_BRESP     |   in|    2|       m_axi|                                  gmem2|       pointer|
|m_axi_gmem2_0_BID       |   in|    1|       m_axi|                                  gmem2|       pointer|
|m_axi_gmem2_0_BUSER     |   in|    1|       m_axi|                                  gmem2|       pointer|
|sext_ln51               |   in|   63|     ap_none|                              sext_ln51|        scalar|
|best_val                |   in|   16|     ap_none|                               best_val|        scalar|
|score_q12_1_load        |   in|   16|     ap_none|                       score_q12_1_load|        scalar|
|score_q12_2_load        |   in|   16|     ap_none|                       score_q12_2_load|        scalar|
|score_q12_3_load        |   in|   16|     ap_none|                       score_q12_3_load|        scalar|
|score_q12_4_load        |   in|   16|     ap_none|                       score_q12_4_load|        scalar|
+------------------------+-----+-----+------------+---------------------------------------+--------------+

