

================================================================
== Vitis HLS Report for 'ecg_fpga_top_Pipeline_VITIS_LOOP_137_1'
================================================================
* Date:           Thu Jul  2 16:39:32 2026

* Version:        2025.2 (Build 6295257 on Nov 12 2025)
* Project:        ecg_fpga_top
* Solution:       hls (Vivado IP Flow Target)
* Product family: zynq
* Target device:  xc7z020-clg400-1


================================================================
== Performance Estimates
================================================================
+ Timing: 
    * Summary: 
    +--------+----------+----------+------------+
    |  Clock |  Target  | Estimated| Uncertainty|
    +--------+----------+----------+------------+
    |ap_clk  |  10.00 ns|  4.826 ns|     2.70 ns|
    +--------+----------+----------+------------+

+ Latency: 
    * Summary: 
    +---------+---------+-----------+-----------+-----+-----+-------------------+
    |  Latency (cycles) |   Latency (absolute)  |  Interval |      Pipeline     |
    |   min   |   max   |    min    |    max    | min | max |        Type       |
    +---------+---------+-----------+-----------+-----+-----+-------------------+
    |        6|        6|  60.000 ns|  60.000 ns|    0|    0|  loop pipeline stp|
    +---------+---------+-----------+-----------+-----+-----+-------------------+

    + Detail: 
        * Instance: 
        N/A

        * Loop: 
        +--------------------+---------+---------+----------+-----------+-----------+------+----------+
        |                    |  Latency (cycles) | Iteration|  Initiation Interval  | Trip |          |
        |      Loop Name     |   min   |   max   |  Latency |  achieved |   target  | Count| Pipelined|
        +--------------------+---------+---------+----------+-----------+-----------+------+----------+
        |- VITIS_LOOP_137_1  |        4|        4|         2|          1|          1|     4|       yes|
        +--------------------+---------+---------+----------+-----------+-----------+------+----------+



================================================================
== Utilization Estimates
================================================================
* Summary: 
+-----------------+---------+-----+--------+-------+-----+
|       Name      | BRAM_18K| DSP |   FF   |  LUT  | URAM|
+-----------------+---------+-----+--------+-------+-----+
|DSP              |        -|    -|       -|      -|    -|
|Expression       |        -|    -|       0|     95|    -|
|FIFO             |        -|    -|       -|      -|    -|
|Instance         |        -|    -|       0|     20|    -|
|Memory           |        -|    -|       -|      -|    -|
|Multiplexer      |        -|    -|       0|     54|    -|
|Register         |        -|    -|      73|      -|    -|
+-----------------+---------+-----+--------+-------+-----+
|Total            |        0|    0|      73|    169|    0|
+-----------------+---------+-----+--------+-------+-----+
|Available        |      280|  220|  106400|  53200|    0|
+-----------------+---------+-----+--------+-------+-----+
|Utilization (%)  |        0|    0|      ~0|     ~0|    0|
+-----------------+---------+-----+--------+-------+-----+

+ Detail: 
    * Instance: 
    +---------------------------+----------------------+---------+----+---+----+-----+
    |          Instance         |        Module        | BRAM_18K| DSP| FF| LUT| URAM|
    +---------------------------+----------------------+---------+----+---+----+-----+
    |sparsemux_9_3_16_1_1_U424  |sparsemux_9_3_16_1_1  |        0|   0|  0|  20|    0|
    +---------------------------+----------------------+---------+----+---+----+-----+
    |Total                      |                      |        0|   0|  0|  20|    0|
    +---------------------------+----------------------+---------+----+---+----+-----+

    * DSP: 
    N/A

    * Memory: 
    N/A

    * FIFO: 
    N/A

    * Expression: 
    +----------------------+----------+----+---+----+------------+------------+
    |     Variable Name    | Operation| DSP| FF| LUT| Bitwidth P0| Bitwidth P1|
    +----------------------+----------+----+---+----+------------+------------+
    |add_ln137_fu_145_p2   |         +|   0|  0|  11|           3|           1|
    |icmp_ln137_fu_115_p2  |      icmp|   0|  0|  11|           3|           3|
    |icmp_ln138_fu_162_p2  |      icmp|   0|  0|  23|          16|          16|
    |best_idx_1_fu_177_p3  |    select|   0|  0|  32|           1|          32|
    |best_val_2_fu_167_p3  |    select|   0|  0|  16|           1|          16|
    |ap_enable_pp0         |       xor|   0|  0|   2|           1|           2|
    +----------------------+----------+----+---+----+------------+------------+
    |Total                 |          |   0|  0|  95|          25|          70|
    +----------------------+----------+----+---+----+------------+------------+

    * Multiplexer: 
    +-------------------------+----+-----------+-----+-----------+
    |           Name          | LUT| Input Size| Bits| Total Bits|
    +-------------------------+----+-----------+-----+-----------+
    |ap_done_int              |   9|          2|    1|          2|
    |ap_enable_reg_pp0_iter1  |   9|          2|    1|          2|
    |ap_sig_allocacmp_i       |   9|          2|    3|          6|
    |best_idx_fu_52           |   9|          2|   32|         64|
    |best_val_1_fu_48         |   9|          2|   16|         32|
    |i_1_fu_56                |   9|          2|    3|          6|
    +-------------------------+----+-----------+-----+-----------+
    |Total                    |  54|         12|   56|        112|
    +-------------------------+----+-----------+-----+-----------+

    * Register: 
    +-------------------------+----+----+-----+-----------+
    |           Name          | FF | LUT| Bits| Const Bits|
    +-------------------------+----+----+-----+-----------+
    |ap_CS_fsm                |   1|   0|    1|          0|
    |ap_done_reg              |   1|   0|    1|          0|
    |ap_enable_reg_pp0_iter1  |   1|   0|    1|          0|
    |best_idx_fu_52           |  32|   0|   32|          0|
    |best_val_1_fu_48         |  16|   0|   16|          0|
    |i_1_fu_56                |   3|   0|    3|          0|
    |i_reg_221                |   3|   0|    3|          0|
    |tmp_reg_229              |  16|   0|   16|          0|
    +-------------------------+----+----+-----+-----------+
    |Total                    |  73|   0|   73|          0|
    +-------------------------+----+----+-----+-----------+



================================================================
== Interface
================================================================
* Summary: 
+---------------------+-----+-----+------------+----------------------------------------+--------------+
|      RTL Ports      | Dir | Bits|  Protocol  |              Source Object             |    C Type    |
+---------------------+-----+-----+------------+----------------------------------------+--------------+
|ap_clk               |   in|    1|  ap_ctrl_hs|  ecg_fpga_top_Pipeline_VITIS_LOOP_137_1|  return value|
|ap_rst               |   in|    1|  ap_ctrl_hs|  ecg_fpga_top_Pipeline_VITIS_LOOP_137_1|  return value|
|ap_start             |   in|    1|  ap_ctrl_hs|  ecg_fpga_top_Pipeline_VITIS_LOOP_137_1|  return value|
|ap_done              |  out|    1|  ap_ctrl_hs|  ecg_fpga_top_Pipeline_VITIS_LOOP_137_1|  return value|
|ap_idle              |  out|    1|  ap_ctrl_hs|  ecg_fpga_top_Pipeline_VITIS_LOOP_137_1|  return value|
|ap_ready             |  out|    1|  ap_ctrl_hs|  ecg_fpga_top_Pipeline_VITIS_LOOP_137_1|  return value|
|best_val             |   in|   16|     ap_none|                                best_val|        scalar|
|score_q12_1_load     |   in|   16|     ap_none|                        score_q12_1_load|        scalar|
|score_q12_2_load     |   in|   16|     ap_none|                        score_q12_2_load|        scalar|
|score_q12_3_load     |   in|   16|     ap_none|                        score_q12_3_load|        scalar|
|score_q12_4_load     |   in|   16|     ap_none|                        score_q12_4_load|        scalar|
|best_idx_out         |  out|   32|      ap_vld|                            best_idx_out|       pointer|
|best_idx_out_ap_vld  |  out|    1|      ap_vld|                            best_idx_out|       pointer|
+---------------------+-----+-----+------------+----------------------------------------+--------------+

